// Jest Snapshot v1, https://goo.gl/fbAQLP

exports[`use defaults 1`] = `
Array [
  ".editorconfig",
  ".gitattributes",
  ".gitignore",
  ".prettierrc",
  "LICENSE",
  "README.md",
  "index.js",
  "jest.config.js",
  "package.json",
  "src/index.ts",
  "test/index.spec.ts",
  "tsconfig.json",
]
`;
